[level]
tileset = images/dungeon.png
map =  #########################################
       #......................#.m......o.......#
       #...>..................#................#
       #....@..............._.#####.############
       #.......................................#
       #.......................................#
       #.......................................#
       #.......................................#
       #####.##############.##############.#####
       #............#_..............#<........>#
       #............#...............#..........#
       #............#...............#..........#
       #............#...............#...ccc....#
       #............#...............#....s.....#
       #......r.....#.......b.......#..........#
       #....n.......#...............#..........#
       #............#...............#..........#
       #............#...............#..........#
       #............#...............#..........#
       #########################################

[#]
name = wall
wall = true
block = true

[.]
name = floor
tile = 0, 3


[n]
name = npc
tile = 2, 2
npc = true
sprite = images/npc.png
block = true

[m]
name = mop
tile = 0,3
mop = true
item = true
sprite = images/mop.png
block = false

[@]
name = player
tile = 0, 3
player = true
sprite = images/player_new.png

[s]
name = body
tile = 0, 3
item = true
body = true
sprite = images/skeleton.png

[>]
name = stairs
tile = 3, 3
down = true
stairs = true

[<]
name = stairs
tile = 3, 3
up = true
stairs = true

[c]
name = crate
tile = 0, 3
sprite = images/crate.png
block = true

[_]
name = bed
tile = 0, 3
sprite = images/bed.png
bed = true

[r]
name = house
tile = 0, 3
sprite = images/house_red.png
block = true

[o]
name = house
tile = 0, 3
sprite = images/house_orange.png
block = true

[b]
name = house
tile = 0, 3
sprite = images/house_blue.png
block = true
